I'm sorry, but errors were detected in your script. Please correct the
errors listed below, and try again.


File "game/script.rpy", line 398: Menu does not contain any choices.
    menu: 
          ^

Ren'Py Version: Ren'Py 8.3.2.24090902
Mon Mar 17 11:28:15 2025
